

================================================================
== Vitis HLS Report for 'cordiccart2pol'
================================================================
* Date:           Wed Aug 10 14:04:10 2022

* Version:        2020.2.2 (Build 3118627 on Tue Feb  9 05:14:06 MST 2021)
* Project:        cordiccart2pol
* Solution:       solution1 (Vivado IP Flow Target)
* Product family: zynq
* Target device:  xc7z020-clg400-1


================================================================
== Performance Estimates
================================================================
+ Timing: 
    * Summary: 
    +--------+----------+----------+------------+
    |  Clock |  Target  | Estimated| Uncertainty|
    +--------+----------+----------+------------+
    |ap_clk  |  10.00 ns|  7.256 ns|     2.70 ns|
    +--------+----------+----------+------------+

+ Latency: 
    * Summary: 
    +---------+---------+----------+----------+-----+-----+---------+
    |  Latency (cycles) |  Latency (absolute) |  Interval | Pipeline|
    |   min   |   max   |    min   |    max   | min | max |   Type  |
    +---------+---------+----------+----------+-----+-----+---------+
    |      227|      227|  2.270 us|  2.270 us|    4|    4|      yes|
    +---------+---------+----------+----------+-----+-----+---------+

    + Detail: 
        * Instance: 
        N/A

        * Loop: 
        N/A



================================================================
== Utilization Estimates
================================================================
* Summary: 
+-----------------+---------+-----+--------+-------+-----+
|       Name      | BRAM_18K| DSP |   FF   |  LUT  | URAM|
+-----------------+---------+-----+--------+-------+-----+
|DSP              |        -|    -|       -|      -|    -|
|Expression       |        -|    -|       0|   1698|    -|
|FIFO             |        -|    -|       -|      -|    -|
|Instance         |        0|   66|    4680|   9510|    -|
|Memory           |        -|    -|       -|      -|    -|
|Multiplexer      |        -|    -|       -|   1456|    -|
|Register         |        -|    -|    6484|   1504|    -|
+-----------------+---------+-----+--------+-------+-----+
|Total            |        0|   66|   11164|  14168|    0|
+-----------------+---------+-----+--------+-------+-----+
|Available        |      280|  220|  106400|  53200|    0|
+-----------------+---------+-----+--------+-------+-----+
|Utilization (%)  |        0|   30|      10|     26|    0|
+-----------------+---------+-----+--------+-------+-----+

+ Detail: 
    * Instance: 
    +---------------------------------------+------------------------------------+---------+----+-----+-----+-----+
    |                Instance               |               Module               | BRAM_18K| DSP|  FF | LUT | URAM|
    +---------------------------------------+------------------------------------+---------+----+-----+-----+-----+
    |BUS_A_s_axi_U                          |BUS_A_s_axi                         |        0|   0|  182|  296|    0|
    |control_s_axi_U                        |control_s_axi                       |        0|   0|   36|   40|    0|
    |fadd_32ns_32ns_32_5_full_dsp_1_U1      |fadd_32ns_32ns_32_5_full_dsp_1      |        0|   2|  205|  390|    0|
    |fadd_32ns_32ns_32_5_full_dsp_1_U4      |fadd_32ns_32ns_32_5_full_dsp_1      |        0|   2|  205|  390|    0|
    |fadd_32ns_32ns_32_5_full_dsp_1_U6      |fadd_32ns_32ns_32_5_full_dsp_1      |        0|   2|  205|  390|    0|
    |fadd_32ns_32ns_32_5_full_dsp_1_U7      |fadd_32ns_32ns_32_5_full_dsp_1      |        0|   2|  205|  390|    0|
    |fadd_32ns_32ns_32_5_full_dsp_1_U9      |fadd_32ns_32ns_32_5_full_dsp_1      |        0|   2|  205|  390|    0|
    |fadd_32ns_32ns_32_5_full_dsp_1_U11     |fadd_32ns_32ns_32_5_full_dsp_1      |        0|   2|  205|  390|    0|
    |fadd_32ns_32ns_32_5_full_dsp_1_U12     |fadd_32ns_32ns_32_5_full_dsp_1      |        0|   2|  205|  390|    0|
    |faddfsub_32ns_32ns_32_5_full_dsp_1_U2  |faddfsub_32ns_32ns_32_5_full_dsp_1  |        0|   2|  205|  390|    0|
    |faddfsub_32ns_32ns_32_5_full_dsp_1_U3  |faddfsub_32ns_32ns_32_5_full_dsp_1  |        0|   2|  205|  390|    0|
    |fcmp_32ns_32ns_1_2_no_dsp_1_U27        |fcmp_32ns_32ns_1_2_no_dsp_1         |        0|   0|    0|    0|    0|
    |fcmp_32ns_32ns_1_2_no_dsp_1_U28        |fcmp_32ns_32ns_1_2_no_dsp_1         |        0|   0|    0|    0|    0|
    |fcmp_32ns_32ns_1_2_no_dsp_1_U29        |fcmp_32ns_32ns_1_2_no_dsp_1         |        0|   0|    0|    0|    0|
    |fcmp_32ns_32ns_1_2_no_dsp_1_U30        |fcmp_32ns_32ns_1_2_no_dsp_1         |        0|   0|    0|    0|    0|
    |fcmp_32ns_32ns_1_2_no_dsp_1_U31        |fcmp_32ns_32ns_1_2_no_dsp_1         |        0|   0|    0|    0|    0|
    |fmul_32ns_32ns_32_4_max_dsp_1_U13      |fmul_32ns_32ns_32_4_max_dsp_1       |        0|   3|  143|  321|    0|
    |fmul_32ns_32ns_32_4_max_dsp_1_U14      |fmul_32ns_32ns_32_4_max_dsp_1       |        0|   3|  143|  321|    0|
    |fmul_32ns_32ns_32_4_max_dsp_1_U15      |fmul_32ns_32ns_32_4_max_dsp_1       |        0|   3|  143|  321|    0|
    |fmul_32ns_32ns_32_4_max_dsp_1_U16      |fmul_32ns_32ns_32_4_max_dsp_1       |        0|   3|  143|  321|    0|
    |fmul_32ns_32ns_32_4_max_dsp_1_U17      |fmul_32ns_32ns_32_4_max_dsp_1       |        0|   3|  143|  321|    0|
    |fmul_32ns_32ns_32_4_max_dsp_1_U18      |fmul_32ns_32ns_32_4_max_dsp_1       |        0|   3|  143|  321|    0|
    |fmul_32ns_32ns_32_4_max_dsp_1_U19      |fmul_32ns_32ns_32_4_max_dsp_1       |        0|   3|  143|  321|    0|
    |fmul_32ns_32ns_32_4_max_dsp_1_U20      |fmul_32ns_32ns_32_4_max_dsp_1       |        0|   3|  143|  321|    0|
    |fmul_32ns_32ns_32_4_max_dsp_1_U21      |fmul_32ns_32ns_32_4_max_dsp_1       |        0|   3|  143|  321|    0|
    |fmul_32ns_32ns_32_4_max_dsp_1_U22      |fmul_32ns_32ns_32_4_max_dsp_1       |        0|   3|  143|  321|    0|
    |fmul_32ns_32ns_32_4_max_dsp_1_U23      |fmul_32ns_32ns_32_4_max_dsp_1       |        0|   3|  143|  321|    0|
    |fmul_32ns_32ns_32_4_max_dsp_1_U24      |fmul_32ns_32ns_32_4_max_dsp_1       |        0|   3|  143|  321|    0|
    |fmul_32ns_32ns_32_4_max_dsp_1_U25      |fmul_32ns_32ns_32_4_max_dsp_1       |        0|   3|  143|  321|    0|
    |fmul_32ns_32ns_32_4_max_dsp_1_U26      |fmul_32ns_32ns_32_4_max_dsp_1       |        0|   3|  143|  321|    0|
    |fsub_32ns_32ns_32_5_full_dsp_1_U5      |fsub_32ns_32ns_32_5_full_dsp_1      |        0|   2|  205|  390|    0|
    |fsub_32ns_32ns_32_5_full_dsp_1_U8      |fsub_32ns_32ns_32_5_full_dsp_1      |        0|   2|  205|  390|    0|
    |fsub_32ns_32ns_32_5_full_dsp_1_U10     |fsub_32ns_32ns_32_5_full_dsp_1      |        0|   2|  205|  390|    0|
    +---------------------------------------+------------------------------------+---------+----+-----+-----+-----+
    |Total                                  |                                    |        0|  66| 4680| 9510|    0|
    +---------------------------------------+------------------------------------+---------+----+-----+-----+-----+

    * DSP: 
    N/A

    * Memory: 
    N/A

    * FIFO: 
    N/A

    * Expression: 
    +---------------------------+----------+----+---+----+------------+------------+
    |       Variable Name       | Operation| DSP| FF| LUT| Bitwidth P0| Bitwidth P1|
    +---------------------------+----------+----+---+----+------------+------------+
    |and_ln41_fu_367_p2         |       and|   0|  0|   2|           1|           1|
    |and_ln55_10_fu_1030_p2     |       and|   0|  0|   2|           1|           1|
    |and_ln55_11_fu_1088_p2     |       and|   0|  0|   2|           1|           1|
    |and_ln55_12_fu_1146_p2     |       and|   0|  0|   2|           1|           1|
    |and_ln55_13_fu_1203_p2     |       and|   0|  0|   2|           1|           1|
    |and_ln55_14_fu_1260_p2     |       and|   0|  0|   2|           1|           1|
    |and_ln55_15_fu_1317_p2     |       and|   0|  0|   2|           1|           1|
    |and_ln55_1_fu_508_p2       |       and|   0|  0|   2|           1|           1|
    |and_ln55_2_fu_566_p2       |       and|   0|  0|   2|           1|           1|
    |and_ln55_3_fu_624_p2       |       and|   0|  0|   2|           1|           1|
    |and_ln55_4_fu_682_p2       |       and|   0|  0|   2|           1|           1|
    |and_ln55_5_fu_740_p2       |       and|   0|  0|   2|           1|           1|
    |and_ln55_6_fu_798_p2       |       and|   0|  0|   2|           1|           1|
    |and_ln55_7_fu_856_p2       |       and|   0|  0|   2|           1|           1|
    |and_ln55_8_fu_914_p2       |       and|   0|  0|   2|           1|           1|
    |and_ln55_9_fu_972_p2       |       and|   0|  0|   2|           1|           1|
    |and_ln55_fu_443_p2         |       and|   0|  0|   2|           1|           1|
    |icmp_ln41_1_fu_355_p2      |      icmp|   0|  0|  15|          23|           1|
    |icmp_ln41_fu_349_p2        |      icmp|   0|  0|  11|           8|           2|
    |icmp_ln55_10_fu_722_p2     |      icmp|   0|  0|  11|           8|           2|
    |icmp_ln55_11_fu_728_p2     |      icmp|   0|  0|  15|          23|           1|
    |icmp_ln55_12_fu_780_p2     |      icmp|   0|  0|  11|           8|           2|
    |icmp_ln55_13_fu_786_p2     |      icmp|   0|  0|  15|          23|           1|
    |icmp_ln55_14_fu_838_p2     |      icmp|   0|  0|  11|           8|           2|
    |icmp_ln55_15_fu_844_p2     |      icmp|   0|  0|  15|          23|           1|
    |icmp_ln55_16_fu_896_p2     |      icmp|   0|  0|  11|           8|           2|
    |icmp_ln55_17_fu_902_p2     |      icmp|   0|  0|  15|          23|           1|
    |icmp_ln55_18_fu_954_p2     |      icmp|   0|  0|  11|           8|           2|
    |icmp_ln55_19_fu_960_p2     |      icmp|   0|  0|  15|          23|           1|
    |icmp_ln55_1_fu_431_p2      |      icmp|   0|  0|  15|          23|           1|
    |icmp_ln55_20_fu_1012_p2    |      icmp|   0|  0|  11|           8|           2|
    |icmp_ln55_21_fu_1018_p2    |      icmp|   0|  0|  15|          23|           1|
    |icmp_ln55_22_fu_1070_p2    |      icmp|   0|  0|  11|           8|           2|
    |icmp_ln55_23_fu_1076_p2    |      icmp|   0|  0|  15|          23|           1|
    |icmp_ln55_24_fu_1128_p2    |      icmp|   0|  0|  11|           8|           2|
    |icmp_ln55_25_fu_1134_p2    |      icmp|   0|  0|  15|          23|           1|
    |icmp_ln55_26_fu_1185_p2    |      icmp|   0|  0|  11|           8|           2|
    |icmp_ln55_27_fu_1191_p2    |      icmp|   0|  0|  15|          23|           1|
    |icmp_ln55_28_fu_1242_p2    |      icmp|   0|  0|  11|           8|           2|
    |icmp_ln55_29_fu_1248_p2    |      icmp|   0|  0|  15|          23|           1|
    |icmp_ln55_2_fu_490_p2      |      icmp|   0|  0|  11|           8|           2|
    |icmp_ln55_30_fu_1299_p2    |      icmp|   0|  0|  11|           8|           2|
    |icmp_ln55_31_fu_1305_p2    |      icmp|   0|  0|  15|          23|           1|
    |icmp_ln55_3_fu_496_p2      |      icmp|   0|  0|  15|          23|           1|
    |icmp_ln55_4_fu_548_p2      |      icmp|   0|  0|  11|           8|           2|
    |icmp_ln55_5_fu_554_p2      |      icmp|   0|  0|  15|          23|           1|
    |icmp_ln55_6_fu_606_p2      |      icmp|   0|  0|  11|           8|           2|
    |icmp_ln55_7_fu_612_p2      |      icmp|   0|  0|  15|          23|           1|
    |icmp_ln55_8_fu_664_p2      |      icmp|   0|  0|  11|           8|           2|
    |icmp_ln55_9_fu_670_p2      |      icmp|   0|  0|  15|          23|           1|
    |icmp_ln55_fu_425_p2        |      icmp|   0|  0|  11|           8|           2|
    |or_ln41_fu_361_p2          |        or|   0|  0|   2|           1|           1|
    |or_ln55_10_fu_1024_p2      |        or|   0|  0|   2|           1|           1|
    |or_ln55_11_fu_1082_p2      |        or|   0|  0|   2|           1|           1|
    |or_ln55_12_fu_1140_p2      |        or|   0|  0|   2|           1|           1|
    |or_ln55_13_fu_1197_p2      |        or|   0|  0|   2|           1|           1|
    |or_ln55_14_fu_1254_p2      |        or|   0|  0|   2|           1|           1|
    |or_ln55_15_fu_1311_p2      |        or|   0|  0|   2|           1|           1|
    |or_ln55_1_fu_502_p2        |        or|   0|  0|   2|           1|           1|
    |or_ln55_2_fu_560_p2        |        or|   0|  0|   2|           1|           1|
    |or_ln55_3_fu_618_p2        |        or|   0|  0|   2|           1|           1|
    |or_ln55_4_fu_676_p2        |        or|   0|  0|   2|           1|           1|
    |or_ln55_5_fu_734_p2        |        or|   0|  0|   2|           1|           1|
    |or_ln55_6_fu_792_p2        |        or|   0|  0|   2|           1|           1|
    |or_ln55_7_fu_850_p2        |        or|   0|  0|   2|           1|           1|
    |or_ln55_8_fu_908_p2        |        or|   0|  0|   2|           1|           1|
    |or_ln55_9_fu_966_p2        |        or|   0|  0|   2|           1|           1|
    |or_ln55_fu_437_p2          |        or|   0|  0|   2|           1|           1|
    |angle_fu_466_p3            |    select|   0|  0|  32|           1|          30|
    |c_x_1_fu_395_p3            |    select|   0|  0|  32|           1|          32|
    |c_y_1_fu_401_p3            |    select|   0|  0|  32|           1|          32|
    |select_ln61_10_fu_1036_p3  |    select|   0|  0|  32|           1|          32|
    |select_ln61_11_fu_1094_p3  |    select|   0|  0|  32|           1|          32|
    |select_ln61_12_fu_1160_p3  |    select|   0|  0|  32|           1|          32|
    |select_ln61_13_fu_1217_p3  |    select|   0|  0|  32|           1|          32|
    |select_ln61_14_fu_1274_p3  |    select|   0|  0|  32|           1|          32|
    |select_ln61_15_fu_1331_p3  |    select|   0|  0|  32|           1|          32|
    |select_ln61_1_fu_514_p3    |    select|   0|  0|  32|           1|          32|
    |select_ln61_2_fu_572_p3    |    select|   0|  0|  32|           1|          32|
    |select_ln61_3_fu_630_p3    |    select|   0|  0|  32|           1|          32|
    |select_ln61_4_fu_688_p3    |    select|   0|  0|  32|           1|          32|
    |select_ln61_5_fu_746_p3    |    select|   0|  0|  32|           1|          32|
    |select_ln61_6_fu_804_p3    |    select|   0|  0|  32|           1|          32|
    |select_ln61_7_fu_862_p3    |    select|   0|  0|  32|           1|          32|
    |select_ln61_8_fu_920_p3    |    select|   0|  0|  32|           1|          32|
    |select_ln61_9_fu_978_p3    |    select|   0|  0|  32|           1|          32|
    |select_ln61_fu_449_p3      |    select|   0|  0|  32|           1|          32|
    |select_ln62_10_fu_1044_p3  |    select|   0|  0|  32|           1|          30|
    |select_ln62_11_fu_1102_p3  |    select|   0|  0|  32|           1|          30|
    |select_ln62_12_fu_1152_p3  |    select|   0|  0|  32|           1|          30|
    |select_ln62_13_fu_1209_p3  |    select|   0|  0|  32|           1|          30|
    |select_ln62_14_fu_1266_p3  |    select|   0|  0|  32|           1|          30|
    |select_ln62_1_fu_522_p3    |    select|   0|  0|  32|           1|          30|
    |select_ln62_2_fu_580_p3    |    select|   0|  0|  32|           1|          30|
    |select_ln62_3_fu_638_p3    |    select|   0|  0|  32|           1|          30|
    |select_ln62_4_fu_696_p3    |    select|   0|  0|  32|           1|          30|
    |select_ln62_5_fu_754_p3    |    select|   0|  0|  32|           1|          30|
    |select_ln62_6_fu_812_p3    |    select|   0|  0|  32|           1|          30|
    |select_ln62_7_fu_870_p3    |    select|   0|  0|  32|           1|          30|
    |select_ln62_8_fu_928_p3    |    select|   0|  0|  32|           1|          30|
    |select_ln62_9_fu_986_p3    |    select|   0|  0|  32|           1|          30|
    |select_ln62_fu_457_p3      |    select|   0|  0|  32|           1|          30|
    |select_ln63_fu_1323_p3     |    select|   0|  0|  32|           1|          30|
    |ap_enable_pp0              |       xor|   0|  0|   2|           1|           2|
    |xor_ln44_fu_376_p2         |       xor|   0|  0|  33|          32|          33|
    |xor_ln48_fu_386_p2         |       xor|   0|  0|  33|          32|          33|
    +---------------------------+----------+----+---+----+------------+------------+
    |Total                      |          |   0|  0|1698|         661|        1239|
    +---------------------------+----------+----+---+----+------------+------------+

    * Multiplexer: 
    +-------------------------+----+-----------+-----+-----------+
    |           Name          | LUT| Input Size| Bits| Total Bits|
    +-------------------------+----+-----------+-----+-----------+
    |ap_NS_fsm                |  25|          5|    1|          5|
    |ap_enable_reg_pp0_iter0  |   9|          2|    1|          2|
    |grp_fu_178_p0            |  25|          5|   32|        160|
    |grp_fu_178_p1            |  25|          5|   32|        160|
    |grp_fu_182_opcode        |  14|          3|    2|          6|
    |grp_fu_182_p0            |  25|          5|   32|        160|
    |grp_fu_182_p1            |  25|          5|   32|        160|
    |grp_fu_186_opcode        |  14|          3|    2|          6|
    |grp_fu_186_p0            |  25|          5|   32|        160|
    |grp_fu_186_p1            |  25|          5|   32|        160|
    |grp_fu_190_p0            |  25|          5|   32|        160|
    |grp_fu_190_p1            |  25|          5|   32|        160|
    |grp_fu_194_p0            |  25|          5|   32|        160|
    |grp_fu_194_p1            |  25|          5|   32|        160|
    |grp_fu_198_p0            |  25|          5|   32|        160|
    |grp_fu_198_p1            |  25|          5|   32|        160|
    |grp_fu_202_p0            |  25|          5|   32|        160|
    |grp_fu_202_p1            |  25|          5|   32|        160|
    |grp_fu_206_p0            |  25|          5|   32|        160|
    |grp_fu_206_p1            |  25|          5|   32|        160|
    |grp_fu_210_p0            |  25|          5|   32|        160|
    |grp_fu_210_p1            |  25|          5|   32|        160|
    |grp_fu_214_p0            |  25|          5|   32|        160|
    |grp_fu_214_p1            |  25|          5|   32|        160|
    |grp_fu_218_p0            |  25|          5|   32|        160|
    |grp_fu_218_p1            |  25|          5|   32|        160|
    |grp_fu_222_p0            |  20|          4|   32|        128|
    |grp_fu_222_p1            |  20|          4|   32|        128|
    |grp_fu_226_p0            |  25|          5|   32|        160|
    |grp_fu_226_p1            |  25|          5|   32|        160|
    |grp_fu_230_p0            |  25|          5|   32|        160|
    |grp_fu_230_p1            |  25|          5|   32|        160|
    |grp_fu_234_p0            |  25|          5|   32|        160|
    |grp_fu_234_p1            |  25|          5|   32|        160|
    |grp_fu_241_p0            |  25|          5|   32|        160|
    |grp_fu_241_p1            |  25|          5|   32|        160|
    |grp_fu_249_p0            |  25|          5|   32|        160|
    |grp_fu_249_p1            |  25|          5|   32|        160|
    |grp_fu_254_p0            |  25|          5|   32|        160|
    |grp_fu_254_p1            |  25|          5|   32|        160|
    |grp_fu_259_p0            |  25|          5|   32|        160|
    |grp_fu_259_p1            |  25|          5|   32|        160|
    |grp_fu_265_p0            |  25|          5|   32|        160|
    |grp_fu_265_p1            |  25|          5|   32|        160|
    |grp_fu_273_p0            |  25|          5|   32|        160|
    |grp_fu_273_p1            |  25|          5|   32|        160|
    |grp_fu_278_p0            |  25|          5|   32|        160|
    |grp_fu_278_p1            |  25|          5|   32|        160|
    |grp_fu_283_p0            |  25|          5|   32|        160|
    |grp_fu_283_p1            |  25|          5|   32|        160|
    |grp_fu_289_p0            |  25|          5|   32|        160|
    |grp_fu_289_p1            |  25|          5|   32|        160|
    |grp_fu_297_p0            |  25|          5|   32|        160|
    |grp_fu_297_p1            |  25|          5|   32|        160|
    |grp_fu_301_p0            |  20|          4|   32|        128|
    |grp_fu_301_p1            |  20|          4|   32|        128|
    |grp_fu_306_opcode        |  14|          3|    5|         15|
    |grp_fu_306_p0            |  25|          5|   32|        160|
    |grp_fu_312_p0            |  25|          5|   32|        160|
    |grp_fu_317_p0            |  25|          5|   32|        160|
    |grp_fu_322_p0            |  25|          5|   32|        160|
    +-------------------------+----+-----------+-----+-----------+
    |Total                    |1456|        292| 1803|       8866|
    +-------------------------+----+-----------+-----+-----------+

    * Register: 
    +---------------------------------+----+----+-----+-----------+
    |               Name              | FF | LUT| Bits| Const Bits|
    +---------------------------------+----+----+-----+-----------+
    |and_ln41_reg_1366                |   1|   0|    1|          0|
    |and_ln41_reg_1366_pp0_iter1_reg  |   1|   0|    1|          0|
    |and_ln55_10_reg_1947             |   1|   0|    1|          0|
    |and_ln55_11_reg_2003             |   1|   0|    1|          0|
    |and_ln55_12_reg_2059             |   1|   0|    1|          0|
    |and_ln55_13_reg_2104             |   1|   0|    1|          0|
    |and_ln55_14_reg_2149             |   1|   0|    1|          0|
    |and_ln55_15_reg_2192             |   1|   0|    1|          0|
    |and_ln55_1_reg_1443              |   1|   0|    1|          0|
    |and_ln55_2_reg_1499              |   1|   0|    1|          0|
    |and_ln55_3_reg_1555              |   1|   0|    1|          0|
    |and_ln55_4_reg_1611              |   1|   0|    1|          0|
    |and_ln55_5_reg_1667              |   1|   0|    1|          0|
    |and_ln55_6_reg_1723              |   1|   0|    1|          0|
    |and_ln55_7_reg_1779              |   1|   0|    1|          0|
    |and_ln55_8_reg_1835              |   1|   0|    1|          0|
    |and_ln55_9_reg_1891              |   1|   0|    1|          0|
    |and_ln55_reg_1387                |   1|   0|    1|          0|
    |angle_2_10_reg_2046              |  32|   0|   32|          0|
    |angle_2_11_reg_2085              |  32|   0|   32|          0|
    |angle_2_12_reg_2130              |  32|   0|   32|          0|
    |angle_2_13_reg_2175              |  32|   0|   32|          0|
    |angle_2_14_reg_2212              |  32|   0|   32|          0|
    |angle_2_1_reg_1486               |  32|   0|   32|          0|
    |angle_2_2_reg_1542               |  32|   0|   32|          0|
    |angle_2_3_reg_1598               |  32|   0|   32|          0|
    |angle_2_4_reg_1654               |  32|   0|   32|          0|
    |angle_2_5_reg_1710               |  32|   0|   32|          0|
    |angle_2_6_reg_1766               |  32|   0|   32|          0|
    |angle_2_7_reg_1822               |  32|   0|   32|          0|
    |angle_2_8_reg_1878               |  32|   0|   32|          0|
    |angle_2_9_reg_1934               |  32|   0|   32|          0|
    |angle_2_reg_1438                 |  32|   0|   32|          0|
    |angle_2_s_reg_1990               |  32|   0|   32|          0|
    |angle_reg_1404                   |   1|   0|   32|         31|
    |ap_CS_fsm                        |   4|   0|    4|          0|
    |ap_enable_reg_pp0_iter0_reg      |   1|   0|    1|          0|
    |ap_enable_reg_pp0_iter1          |   1|   0|    1|          0|
    |ap_enable_reg_pp0_iter10         |   1|   0|    1|          0|
    |ap_enable_reg_pp0_iter11         |   1|   0|    1|          0|
    |ap_enable_reg_pp0_iter12         |   1|   0|    1|          0|
    |ap_enable_reg_pp0_iter13         |   1|   0|    1|          0|
    |ap_enable_reg_pp0_iter14         |   1|   0|    1|          0|
    |ap_enable_reg_pp0_iter15         |   1|   0|    1|          0|
    |ap_enable_reg_pp0_iter16         |   1|   0|    1|          0|
    |ap_enable_reg_pp0_iter17         |   1|   0|    1|          0|
    |ap_enable_reg_pp0_iter18         |   1|   0|    1|          0|
    |ap_enable_reg_pp0_iter19         |   1|   0|    1|          0|
    |ap_enable_reg_pp0_iter2          |   1|   0|    1|          0|
    |ap_enable_reg_pp0_iter20         |   1|   0|    1|          0|
    |ap_enable_reg_pp0_iter21         |   1|   0|    1|          0|
    |ap_enable_reg_pp0_iter22         |   1|   0|    1|          0|
    |ap_enable_reg_pp0_iter23         |   1|   0|    1|          0|
    |ap_enable_reg_pp0_iter24         |   1|   0|    1|          0|
    |ap_enable_reg_pp0_iter25         |   1|   0|    1|          0|
    |ap_enable_reg_pp0_iter26         |   1|   0|    1|          0|
    |ap_enable_reg_pp0_iter27         |   1|   0|    1|          0|
    |ap_enable_reg_pp0_iter28         |   1|   0|    1|          0|
    |ap_enable_reg_pp0_iter29         |   1|   0|    1|          0|
    |ap_enable_reg_pp0_iter3          |   1|   0|    1|          0|
    |ap_enable_reg_pp0_iter30         |   1|   0|    1|          0|
    |ap_enable_reg_pp0_iter31         |   1|   0|    1|          0|
    |ap_enable_reg_pp0_iter32         |   1|   0|    1|          0|
    |ap_enable_reg_pp0_iter33         |   1|   0|    1|          0|
    |ap_enable_reg_pp0_iter34         |   1|   0|    1|          0|
    |ap_enable_reg_pp0_iter35         |   1|   0|    1|          0|
    |ap_enable_reg_pp0_iter36         |   1|   0|    1|          0|
    |ap_enable_reg_pp0_iter37         |   1|   0|    1|          0|
    |ap_enable_reg_pp0_iter38         |   1|   0|    1|          0|
    |ap_enable_reg_pp0_iter39         |   1|   0|    1|          0|
    |ap_enable_reg_pp0_iter4          |   1|   0|    1|          0|
    |ap_enable_reg_pp0_iter40         |   1|   0|    1|          0|
    |ap_enable_reg_pp0_iter41         |   1|   0|    1|          0|
    |ap_enable_reg_pp0_iter42         |   1|   0|    1|          0|
    |ap_enable_reg_pp0_iter43         |   1|   0|    1|          0|
    |ap_enable_reg_pp0_iter44         |   1|   0|    1|          0|
    |ap_enable_reg_pp0_iter45         |   1|   0|    1|          0|
    |ap_enable_reg_pp0_iter46         |   1|   0|    1|          0|
    |ap_enable_reg_pp0_iter47         |   1|   0|    1|          0|
    |ap_enable_reg_pp0_iter48         |   1|   0|    1|          0|
    |ap_enable_reg_pp0_iter49         |   1|   0|    1|          0|
    |ap_enable_reg_pp0_iter5          |   1|   0|    1|          0|
    |ap_enable_reg_pp0_iter50         |   1|   0|    1|          0|
    |ap_enable_reg_pp0_iter51         |   1|   0|    1|          0|
    |ap_enable_reg_pp0_iter52         |   1|   0|    1|          0|
    |ap_enable_reg_pp0_iter53         |   1|   0|    1|          0|
    |ap_enable_reg_pp0_iter54         |   1|   0|    1|          0|
    |ap_enable_reg_pp0_iter55         |   1|   0|    1|          0|
    |ap_enable_reg_pp0_iter56         |   1|   0|    1|          0|
    |ap_enable_reg_pp0_iter6          |   1|   0|    1|          0|
    |ap_enable_reg_pp0_iter7          |   1|   0|    1|          0|
    |ap_enable_reg_pp0_iter8          |   1|   0|    1|          0|
    |ap_enable_reg_pp0_iter9          |   1|   0|    1|          0|
    |bitcast_ln41_reg_1361            |  32|   0|   32|          0|
    |c_x_1_reg_1373                   |  32|   0|   32|          0|
    |c_x_3_10_reg_2040                |  32|   0|   32|          0|
    |c_x_3_11_reg_2090                |  32|   0|   32|          0|
    |c_x_3_12_reg_2135                |  32|   0|   32|          0|
    |c_x_3_13_reg_2180                |  32|   0|   32|          0|
    |c_x_3_14_reg_2217                |  32|   0|   32|          0|
    |c_x_3_1_reg_1480                 |  32|   0|   32|          0|
    |c_x_3_2_reg_1536                 |  32|   0|   32|          0|
    |c_x_3_3_reg_1592                 |  32|   0|   32|          0|
    |c_x_3_4_reg_1648                 |  32|   0|   32|          0|
    |c_x_3_5_reg_1704                 |  32|   0|   32|          0|
    |c_x_3_6_reg_1760                 |  32|   0|   32|          0|
    |c_x_3_7_reg_1816                 |  32|   0|   32|          0|
    |c_x_3_8_reg_1872                 |  32|   0|   32|          0|
    |c_x_3_9_reg_1928                 |  32|   0|   32|          0|
    |c_x_3_reg_1424                   |  32|   0|   32|          0|
    |c_x_3_s_reg_1984                 |  32|   0|   32|          0|
    |c_y_1_reg_1379                   |  32|   0|   32|          0|
    |c_y_3_10_reg_2051                |  32|   0|   32|          0|
    |c_y_3_11_reg_2096                |  32|   0|   32|          0|
    |c_y_3_12_reg_2141                |  32|   0|   32|          0|
    |c_y_3_13_reg_2185                |  32|   0|   32|          0|
    |c_y_3_1_reg_1491                 |  32|   0|   32|          0|
    |c_y_3_2_reg_1547                 |  32|   0|   32|          0|
    |c_y_3_3_reg_1603                 |  32|   0|   32|          0|
    |c_y_3_4_reg_1659                 |  32|   0|   32|          0|
    |c_y_3_5_reg_1715                 |  32|   0|   32|          0|
    |c_y_3_6_reg_1771                 |  32|   0|   32|          0|
    |c_y_3_7_reg_1827                 |  32|   0|   32|          0|
    |c_y_3_8_reg_1883                 |  32|   0|   32|          0|
    |c_y_3_9_reg_1939                 |  32|   0|   32|          0|
    |c_y_3_reg_1430                   |  32|   0|   32|          0|
    |c_y_3_s_reg_1995                 |  32|   0|   32|          0|
    |mul2_10_reg_2025                 |  32|   0|   32|          0|
    |mul2_1_reg_1465                  |  32|   0|   32|          0|
    |mul2_2_reg_1521                  |  32|   0|   32|          0|
    |mul2_3_reg_1577                  |  32|   0|   32|          0|
    |mul2_4_reg_1633                  |  32|   0|   32|          0|
    |mul2_5_reg_1689                  |  32|   0|   32|          0|
    |mul2_6_reg_1745                  |  32|   0|   32|          0|
    |mul2_7_reg_1801                  |  32|   0|   32|          0|
    |mul2_8_reg_1857                  |  32|   0|   32|          0|
    |mul2_9_reg_1913                  |  32|   0|   32|          0|
    |mul2_s_reg_1969                  |  32|   0|   32|          0|
    |mul3_10_reg_2035                 |  32|   0|   32|          0|
    |mul3_11_reg_2080                 |  32|   0|   32|          0|
    |mul3_12_reg_2125                 |  32|   0|   32|          0|
    |mul3_13_reg_2170                 |  32|   0|   32|          0|
    |mul3_1_reg_1475                  |  32|   0|   32|          0|
    |mul3_2_reg_1531                  |  32|   0|   32|          0|
    |mul3_3_reg_1587                  |  32|   0|   32|          0|
    |mul3_4_reg_1643                  |  32|   0|   32|          0|
    |mul3_5_reg_1699                  |  32|   0|   32|          0|
    |mul3_6_reg_1755                  |  32|   0|   32|          0|
    |mul3_7_reg_1811                  |  32|   0|   32|          0|
    |mul3_8_reg_1867                  |  32|   0|   32|          0|
    |mul3_9_reg_1923                  |  32|   0|   32|          0|
    |mul3_reg_1414                    |  32|   0|   32|          0|
    |mul3_s_reg_1979                  |  32|   0|   32|          0|
    |mul4_10_reg_2030                 |  32|   0|   32|          0|
    |mul4_1_reg_1470                  |  32|   0|   32|          0|
    |mul4_2_reg_1526                  |  32|   0|   32|          0|
    |mul4_3_reg_1582                  |  32|   0|   32|          0|
    |mul4_4_reg_1638                  |  32|   0|   32|          0|
    |mul4_5_reg_1694                  |  32|   0|   32|          0|
    |mul4_6_reg_1750                  |  32|   0|   32|          0|
    |mul4_7_reg_1806                  |  32|   0|   32|          0|
    |mul4_8_reg_1862                  |  32|   0|   32|          0|
    |mul4_9_reg_1918                  |  32|   0|   32|          0|
    |mul4_reg_1419                    |  32|   0|   32|          0|
    |mul4_s_reg_1974                  |  32|   0|   32|          0|
    |mul6_10_reg_2020                 |  32|   0|   32|          0|
    |mul6_11_reg_2075                 |  32|   0|   32|          0|
    |mul6_12_reg_2120                 |  32|   0|   32|          0|
    |mul6_13_reg_2165                 |  32|   0|   32|          0|
    |mul6_14_reg_2207                 |  32|   0|   32|          0|
    |mul6_1_reg_1460                  |  32|   0|   32|          0|
    |mul6_2_reg_1516                  |  32|   0|   32|          0|
    |mul6_3_reg_1572                  |  32|   0|   32|          0|
    |mul6_4_reg_1628                  |  32|   0|   32|          0|
    |mul6_5_reg_1684                  |  32|   0|   32|          0|
    |mul6_6_reg_1740                  |  32|   0|   32|          0|
    |mul6_7_reg_1796                  |  32|   0|   32|          0|
    |mul6_8_reg_1852                  |  32|   0|   32|          0|
    |mul6_9_reg_1908                  |  32|   0|   32|          0|
    |mul6_reg_1409                    |  32|   0|   32|          0|
    |mul6_s_reg_1964                  |  32|   0|   32|          0|
    |select_ln62_12_reg_2064          |   1|   0|   32|         31|
    |select_ln62_13_reg_2109          |   1|   0|   32|         31|
    |select_ln62_14_reg_2154          |   1|   0|   32|         31|
    |select_ln63_reg_2197             |   1|   0|   32|         31|
    |x_read_reg_1355                  |  32|   0|   32|          0|
    |y_read_reg_1348                  |  32|   0|   32|          0|
    |angle_2_10_reg_2046              |  64|  32|   32|          0|
    |angle_2_11_reg_2085              |  64|  32|   32|          0|
    |angle_2_12_reg_2130              |  64|  32|   32|          0|
    |angle_2_13_reg_2175              |  64|  32|   32|          0|
    |angle_2_14_reg_2212              |  64|  32|   32|          0|
    |angle_2_1_reg_1486               |  64|  32|   32|          0|
    |angle_2_2_reg_1542               |  64|  32|   32|          0|
    |angle_2_3_reg_1598               |  64|  32|   32|          0|
    |angle_2_4_reg_1654               |  64|  32|   32|          0|
    |angle_2_5_reg_1710               |  64|  32|   32|          0|
    |angle_2_6_reg_1766               |  64|  32|   32|          0|
    |angle_2_7_reg_1822               |  64|  32|   32|          0|
    |angle_2_8_reg_1878               |  64|  32|   32|          0|
    |angle_2_9_reg_1934               |  64|  32|   32|          0|
    |angle_2_reg_1438                 |  64|  32|   32|          0|
    |angle_2_s_reg_1990               |  64|  32|   32|          0|
    |c_x_1_reg_1373                   |  64|  32|   32|          0|
    |c_x_3_10_reg_2040                |  64|  32|   32|          0|
    |c_x_3_11_reg_2090                |  64|  32|   32|          0|
    |c_x_3_12_reg_2135                |  64|  32|   32|          0|
    |c_x_3_13_reg_2180                |  64|  32|   32|          0|
    |c_x_3_1_reg_1480                 |  64|  32|   32|          0|
    |c_x_3_2_reg_1536                 |  64|  32|   32|          0|
    |c_x_3_3_reg_1592                 |  64|  32|   32|          0|
    |c_x_3_4_reg_1648                 |  64|  32|   32|          0|
    |c_x_3_5_reg_1704                 |  64|  32|   32|          0|
    |c_x_3_6_reg_1760                 |  64|  32|   32|          0|
    |c_x_3_7_reg_1816                 |  64|  32|   32|          0|
    |c_x_3_8_reg_1872                 |  64|  32|   32|          0|
    |c_x_3_9_reg_1928                 |  64|  32|   32|          0|
    |c_x_3_reg_1424                   |  64|  32|   32|          0|
    |c_x_3_s_reg_1984                 |  64|  32|   32|          0|
    |c_y_1_reg_1379                   |  64|  32|   32|          0|
    |c_y_3_10_reg_2051                |  64|  32|   32|          0|
    |c_y_3_11_reg_2096                |  64|  32|   32|          0|
    |c_y_3_12_reg_2141                |  64|  32|   32|          0|
    |c_y_3_1_reg_1491                 |  64|  32|   32|          0|
    |c_y_3_2_reg_1547                 |  64|  32|   32|          0|
    |c_y_3_3_reg_1603                 |  64|  32|   32|          0|
    |c_y_3_4_reg_1659                 |  64|  32|   32|          0|
    |c_y_3_5_reg_1715                 |  64|  32|   32|          0|
    |c_y_3_6_reg_1771                 |  64|  32|   32|          0|
    |c_y_3_7_reg_1827                 |  64|  32|   32|          0|
    |c_y_3_8_reg_1883                 |  64|  32|   32|          0|
    |c_y_3_9_reg_1939                 |  64|  32|   32|          0|
    |c_y_3_reg_1430                   |  64|  32|   32|          0|
    |c_y_3_s_reg_1995                 |  64|  32|   32|          0|
    +---------------------------------+----+----+-----+-----------+
    |Total                            |6484|1504| 5135|        155|
    +---------------------------------+----+----+-----+-----------+



================================================================
== Interface
================================================================
* Summary: 
+-----------------------+-----+-----+------------+----------------+--------------+
|       RTL Ports       | Dir | Bits|  Protocol  |  Source Object |    C Type    |
+-----------------------+-----+-----+------------+----------------+--------------+
|s_axi_BUS_A_AWVALID    |   in|    1|       s_axi|           BUS_A|       pointer|
|s_axi_BUS_A_AWREADY    |  out|    1|       s_axi|           BUS_A|       pointer|
|s_axi_BUS_A_AWADDR     |   in|    6|       s_axi|           BUS_A|       pointer|
|s_axi_BUS_A_WVALID     |   in|    1|       s_axi|           BUS_A|       pointer|
|s_axi_BUS_A_WREADY     |  out|    1|       s_axi|           BUS_A|       pointer|
|s_axi_BUS_A_WDATA      |   in|   32|       s_axi|           BUS_A|       pointer|
|s_axi_BUS_A_WSTRB      |   in|    4|       s_axi|           BUS_A|       pointer|
|s_axi_BUS_A_ARVALID    |   in|    1|       s_axi|           BUS_A|       pointer|
|s_axi_BUS_A_ARREADY    |  out|    1|       s_axi|           BUS_A|       pointer|
|s_axi_BUS_A_ARADDR     |   in|    6|       s_axi|           BUS_A|       pointer|
|s_axi_BUS_A_RVALID     |  out|    1|       s_axi|           BUS_A|       pointer|
|s_axi_BUS_A_RREADY     |   in|    1|       s_axi|           BUS_A|       pointer|
|s_axi_BUS_A_RDATA      |  out|   32|       s_axi|           BUS_A|       pointer|
|s_axi_BUS_A_RRESP      |  out|    2|       s_axi|           BUS_A|       pointer|
|s_axi_BUS_A_BVALID     |  out|    1|       s_axi|           BUS_A|       pointer|
|s_axi_BUS_A_BREADY     |   in|    1|       s_axi|           BUS_A|       pointer|
|s_axi_BUS_A_BRESP      |  out|    2|       s_axi|           BUS_A|       pointer|
|s_axi_control_AWVALID  |   in|    1|       s_axi|         control|   return void|
|s_axi_control_AWREADY  |  out|    1|       s_axi|         control|   return void|
|s_axi_control_AWADDR   |   in|    4|       s_axi|         control|   return void|
|s_axi_control_WVALID   |   in|    1|       s_axi|         control|   return void|
|s_axi_control_WREADY   |  out|    1|       s_axi|         control|   return void|
|s_axi_control_WDATA    |   in|   32|       s_axi|         control|   return void|
|s_axi_control_WSTRB    |   in|    4|       s_axi|         control|   return void|
|s_axi_control_ARVALID  |   in|    1|       s_axi|         control|   return void|
|s_axi_control_ARREADY  |  out|    1|       s_axi|         control|   return void|
|s_axi_control_ARADDR   |   in|    4|       s_axi|         control|   return void|
|s_axi_control_RVALID   |  out|    1|       s_axi|         control|   return void|
|s_axi_control_RREADY   |   in|    1|       s_axi|         control|   return void|
|s_axi_control_RDATA    |  out|   32|       s_axi|         control|   return void|
|s_axi_control_RRESP    |  out|    2|       s_axi|         control|   return void|
|s_axi_control_BVALID   |  out|    1|       s_axi|         control|   return void|
|s_axi_control_BREADY   |   in|    1|       s_axi|         control|   return void|
|s_axi_control_BRESP    |  out|    2|       s_axi|         control|   return void|
|ap_clk                 |   in|    1|  ap_ctrl_hs|  cordiccart2pol|  return value|
|ap_rst_n               |   in|    1|  ap_ctrl_hs|  cordiccart2pol|  return value|
|interrupt              |  out|    1|  ap_ctrl_hs|  cordiccart2pol|  return value|
+-----------------------+-----+-----+------------+----------------+--------------+

